
Memory Configuration

Name             Origin             Length             Attributes
flash            0x08000000         0x00020000         xr
sram             0x20000000         0x00005000         xrw
*default*        0x00000000         0xffffffff

Linker script and memory map


.text           0x08000000      0x1c8
 *(.vectors*)
 .vectors       0x08000000       0x1c startup.o
                0x08000000                vectors
 *(.text*)
 .text          0x0800001c       0xc4 startup.o
                0x0800001c                H_Fault_Handler
                0x0800001c                MM_Fault_Handler
                0x0800001c                Usage_Fault_Handler
                0x0800001c                Bus_Fault
                0x0800001c                Default_Handler
                0x0800001c                NMI_Handler
                0x08000028                Reset_Handler
 .text          0x080000e0       0xe8 main.o
                0x080000e0                main
 *(.rodata)
                0x080001c8                _E_text = .

.glue_7         0x080001c8        0x0
 .glue_7        0x00000000        0x0 linker stubs

.glue_7t        0x080001c8        0x0
 .glue_7t       0x00000000        0x0 linker stubs

.vfp11_veneer   0x080001c8        0x0
 .vfp11_veneer  0x00000000        0x0 linker stubs

.v4_bx          0x080001c8        0x0
 .v4_bx         0x00000000        0x0 linker stubs

.iplt           0x080001c8        0x0
 .iplt          0x00000000        0x0 startup.o

.rel.dyn        0x080001c8        0x0
 .rel.iplt      0x00000000        0x0 startup.o

.data           0x20000000        0x4 load address 0x080001c8
                0x20000000                _S_DATA = .
 *(.data)
 .data          0x20000000        0x0 startup.o
 .data          0x20000000        0x4 main.o
                0x20000000                R_ODR
                0x20000004                . = ALIGN (0x4)
                0x20000004                _E_DATA = .

.igot.plt       0x20000004        0x0 load address 0x080001cc
 .igot.plt      0x00000000        0x0 startup.o

.bss            0x20000004     0x1004 load address 0x080001cc
                0x20000004                _S_bss = .
 *(.bss)
 .bss           0x20000004        0x0 startup.o
 .bss           0x20000004        0x4 main.o
                0x20000004                i
                0x20000008                _E_bss = .
                0x20000008                . = ALIGN (0x4)
                0x20001008                . = (. + 0x1000)
 *fill*         0x20000008     0x1000 
                0x20001008                _stack_top = .
LOAD startup.o
LOAD main.o
OUTPUT(learn-in-depth-cortex-m3.elf elf32-littlearm)

.debug_info     0x00000000      0x28d
 .debug_info    0x00000000      0x167 startup.o
 .debug_info    0x00000167      0x126 main.o

.debug_abbrev   0x00000000      0x18a
 .debug_abbrev  0x00000000       0xc0 startup.o
 .debug_abbrev  0x000000c0       0xca main.o

.debug_loc      0x00000000       0x90
 .debug_loc     0x00000000       0x64 startup.o
 .debug_loc     0x00000064       0x2c main.o

.debug_aranges  0x00000000       0x40
 .debug_aranges
                0x00000000       0x20 startup.o
 .debug_aranges
                0x00000020       0x20 main.o

.debug_line     0x00000000      0x117
 .debug_line    0x00000000       0xad startup.o
 .debug_line    0x000000ad       0x6a main.o

.debug_str      0x00000000      0x14f
 .debug_str     0x00000000      0x10b startup.o
                                0x13f (size before relaxing)
 .debug_str     0x0000010b       0x44 main.o
                                 0xf6 (size before relaxing)

.comment        0x00000000       0x11
 .comment       0x00000000       0x11 startup.o
                                 0x12 (size before relaxing)
 .comment       0x00000000       0x12 main.o

.ARM.attributes
                0x00000000       0x33
 .ARM.attributes
                0x00000000       0x33 startup.o
 .ARM.attributes
                0x00000033       0x33 main.o

.debug_frame    0x00000000       0x74
 .debug_frame   0x00000000       0x4c startup.o
 .debug_frame   0x0000004c       0x28 main.o
