
Allocating common symbols
Common symbol       size              file

AlarmMonitor_State_ID
                    0x1               main.o
MainAlg_state       0x4               mainAlg.o
pVal                0x4               sensor.o
AlarmMonitor_state  0x4               AlarmMonitor.o
AlarmActuator_State_ID
                    0x1               main.o
MainAlg_State_ID    0x1               mainAlg.o
setalarm            0x4               AlarmMonitor.o
Sesnor_State_ID     0x1               main.o
AlarmActuator_state
                    0x4               AlarmActuator.o
Sensor_state        0x4               sensor.o
HighPressureDetected
                    0x4               mainAlg.o

Memory Configuration

Name             Origin             Length             Attributes
flash            0x08000000         0x00020000         xr
sram             0x20000000         0x00005000         xrw
*default*        0x00000000         0xffffffff

Linker script and memory map


.text           0x08000000      0x4c0
 *(.vectors*)
 .vectors       0x08000000       0x1c startup.o
                0x08000000                vectors
 *(.text*)
 .text          0x0800001c       0xc4 startup.o
                0x0800001c                H_Fault_Handler
                0x0800001c                MM_Fault_Handler
                0x0800001c                Usage_Fault_Handler
                0x0800001c                Bus_Fault
                0x0800001c                Default_Handler
                0x0800001c                NMI_Handler
                0x08000028                Reset_Handler
 .text          0x080000e0       0x84 mainAlg.o
                0x080000e0                ST_HighPressureDetection
 .text          0x08000164       0x9c main.o
                0x08000164                setup
                0x080001c0                main
 .text          0x08000200        0x0 AlarmMointor.o
 .text          0x08000200      0x10c driver.o
                0x08000200                Delay
                0x08000224                getPressureVal
                0x0800023c                Set_Alarm_actuator
                0x0800028c                GPIO_INITIALIZATION
 .text          0x0800030c       0x74 sensor.o
                0x0800030c                Sensor_init
                0x08000318                ST_Sensor_Reading
                0x08000350                ST_Sensor_Waiting
 .text          0x08000380       0x78 AlarmActuator.o
                0x08000380                AlarmActuator_init
                0x0800038c                ST_Wait
                0x080003b8                ST_Alarm_ON
                0x080003d8                ST_Alarm_OFF
 .text          0x080003f8       0xc8 AlarmMonitor.o
                0x080003f8                ST_AlarmOFF
                0x0800044c                ST_AlarmON
                0x08000484                ST_Waiting
 *(.rodata)
                0x080004c0                _E_text = .

.glue_7         0x080004c0        0x0
 .glue_7        0x00000000        0x0 linker stubs

.glue_7t        0x080004c0        0x0
 .glue_7t       0x00000000        0x0 linker stubs

.vfp11_veneer   0x080004c0        0x0
 .vfp11_veneer  0x00000000        0x0 linker stubs

.v4_bx          0x080004c0        0x0
 .v4_bx         0x00000000        0x0 linker stubs

.iplt           0x080004c0        0x0
 .iplt          0x00000000        0x0 startup.o

.rel.dyn        0x080004c0        0x0
 .rel.iplt      0x00000000        0x0 startup.o

.data           0x20000000        0x0 load address 0x080004c0
                0x20000000                _S_DATA = .
 *(.data)
 .data          0x20000000        0x0 startup.o
 .data          0x20000000        0x0 mainAlg.o
 .data          0x20000000        0x0 main.o
 .data          0x20000000        0x0 AlarmMointor.o
 .data          0x20000000        0x0 driver.o
 .data          0x20000000        0x0 sensor.o
 .data          0x20000000        0x0 AlarmActuator.o
 .data          0x20000000        0x0 AlarmMonitor.o
                0x20000000                . = ALIGN (0x4)
                0x20000000                _E_DATA = .

.igot.plt       0x20000000        0x0 load address 0x080004c0
 .igot.plt      0x00000000        0x0 startup.o

.bss            0x20000000     0x1024 load address 0x080004c0
                0x20000000                _S_bss = .
 *(.bss)
 .bss           0x20000000        0x0 startup.o
 .bss           0x20000000        0x0 mainAlg.o
 .bss           0x20000000        0x0 main.o
 .bss           0x20000000        0x0 AlarmMointor.o
 .bss           0x20000000        0x0 driver.o
 .bss           0x20000000        0x0 sensor.o
 .bss           0x20000000        0x0 AlarmActuator.o
 .bss           0x20000000        0x0 AlarmMonitor.o
                0x20000000                _E_bss = .
                0x20000000                . = ALIGN (0x4)
                0x20001000                . = (. + 0x1000)
 *fill*         0x20000000     0x1000 
                0x20001000                _stack_top = .
 COMMON         0x20001000        0xc mainAlg.o
                0x20001000                MainAlg_state
                0x20001004                MainAlg_State_ID
                0x20001008                HighPressureDetected
 COMMON         0x2000100c        0x3 main.o
                0x2000100c                AlarmMonitor_State_ID
                0x2000100d                AlarmActuator_State_ID
                0x2000100e                Sesnor_State_ID
 *fill*         0x2000100f        0x1 
 COMMON         0x20001010        0x8 sensor.o
                0x20001010                pVal
                0x20001014                Sensor_state
 COMMON         0x20001018        0x4 AlarmActuator.o
                0x20001018                AlarmActuator_state
 COMMON         0x2000101c        0x8 AlarmMonitor.o
                0x2000101c                AlarmMonitor_state
                0x20001020                setalarm
LOAD startup.o
LOAD mainAlg.o
LOAD main.o
LOAD AlarmMointor.o
LOAD driver.o
LOAD sensor.o
LOAD AlarmActuator.o
LOAD AlarmMonitor.o
OUTPUT(learn-in-depth-cortex-m3.elf elf32-littlearm)

.debug_info     0x00000000      0x851
 .debug_info    0x00000000      0x167 startup.o
 .debug_info    0x00000167      0x106 mainAlg.o
 .debug_info    0x0000026d      0x186 main.o
 .debug_info    0x000003f3      0x103 driver.o
 .debug_info    0x000004f6      0x111 sensor.o
 .debug_info    0x00000607      0x126 AlarmActuator.o
 .debug_info    0x0000072d      0x124 AlarmMonitor.o

.debug_abbrev   0x00000000      0x479
 .debug_abbrev  0x00000000       0xc0 startup.o
 .debug_abbrev  0x000000c0       0xa5 mainAlg.o
 .debug_abbrev  0x00000165       0x96 main.o
 .debug_abbrev  0x000001fb       0x9d driver.o
 .debug_abbrev  0x00000298       0x92 sensor.o
 .debug_abbrev  0x0000032a       0xac AlarmActuator.o
 .debug_abbrev  0x000003d6       0xa3 AlarmMonitor.o

.debug_loc      0x00000000      0x374
 .debug_loc     0x00000000       0x64 startup.o
 .debug_loc     0x00000064       0x38 mainAlg.o
 .debug_loc     0x0000009c       0x58 main.o
 .debug_loc     0x000000f4       0xc8 driver.o
 .debug_loc     0x000001bc       0x84 sensor.o
 .debug_loc     0x00000240       0xb0 AlarmActuator.o
 .debug_loc     0x000002f0       0x84 AlarmMonitor.o

.debug_aranges  0x00000000       0xe0
 .debug_aranges
                0x00000000       0x20 startup.o
 .debug_aranges
                0x00000020       0x20 mainAlg.o
 .debug_aranges
                0x00000040       0x20 main.o
 .debug_aranges
                0x00000060       0x20 driver.o
 .debug_aranges
                0x00000080       0x20 sensor.o
 .debug_aranges
                0x000000a0       0x20 AlarmActuator.o
 .debug_aranges
                0x000000c0       0x20 AlarmMonitor.o

.debug_line     0x00000000      0x362
 .debug_line    0x00000000       0xad startup.o
 .debug_line    0x000000ad       0x5a mainAlg.o
 .debug_line    0x00000107       0x98 main.o
 .debug_line    0x0000019f        0x0 AlarmMointor.o
 .debug_line    0x0000019f       0x9b driver.o
 .debug_line    0x0000023a       0x4f sensor.o
 .debug_line    0x00000289       0x6c AlarmActuator.o
 .debug_line    0x000002f5       0x6d AlarmMonitor.o

.debug_str      0x00000000      0x30b
 .debug_str     0x00000000      0x11f startup.o
                                0x153 (size before relaxing)
 .debug_str     0x0000011f       0x66 mainAlg.o
                                0x14b (size before relaxing)
 .debug_str     0x00000185       0x83 main.o
                                0x1c3 (size before relaxing)
 .debug_str     0x00000208       0x4c driver.o
                                0x124 (size before relaxing)
 .debug_str     0x00000254       0x39 sensor.o
                                0x148 (size before relaxing)
 .debug_str     0x0000028d       0x4d AlarmActuator.o
                                0x14c (size before relaxing)
 .debug_str     0x000002da       0x31 AlarmMonitor.o
                                0x160 (size before relaxing)

.comment        0x00000000       0x11
 .comment       0x00000000       0x11 startup.o
                                 0x12 (size before relaxing)
 .comment       0x00000000       0x12 mainAlg.o
 .comment       0x00000000       0x12 main.o
 .comment       0x00000000       0x12 AlarmMointor.o
 .comment       0x00000000       0x12 driver.o
 .comment       0x00000000       0x12 sensor.o
 .comment       0x00000000       0x12 AlarmActuator.o
 .comment       0x00000000       0x12 AlarmMonitor.o

.ARM.attributes
                0x00000000       0x33
 .ARM.attributes
                0x00000000       0x33 startup.o
 .ARM.attributes
                0x00000033       0x33 mainAlg.o
 .ARM.attributes
                0x00000066       0x33 main.o
 .ARM.attributes
                0x00000099       0x33 AlarmMointor.o
 .ARM.attributes
                0x000000cc       0x33 driver.o
 .ARM.attributes
                0x000000ff       0x33 sensor.o
 .ARM.attributes
                0x00000132       0x33 AlarmActuator.o
 .ARM.attributes
                0x00000165       0x33 AlarmMonitor.o

.debug_frame    0x00000000      0x274
 .debug_frame   0x00000000       0x4c startup.o
 .debug_frame   0x0000004c       0x2c mainAlg.o
 .debug_frame   0x00000078       0x48 main.o
 .debug_frame   0x000000c0       0x78 driver.o
 .debug_frame   0x00000138       0x60 sensor.o
 .debug_frame   0x00000198       0x7c AlarmActuator.o
 .debug_frame   0x00000214       0x60 AlarmMonitor.o
